GDAL/GIS libraries not available: Could not find the GDAL library (tried "gdal306", "gdal305", "gdal304", "gdal303", "gdal302", "gdal301", "gdal300", "gdal204", "gdal203", "gdal202"). Is GDAL installed? If it is, try setting GDAL_LIBRARY_PATH in your settings.. GIS features will be disabled.
Using MOCK flood data for 25.3176,82.9739
Using MOCK flood data for 25.3176,82.9739
GDAL/GIS libraries not available: Could not find the GDAL library (tried "gdal306", "gdal305", "gdal304", "gdal303", "gdal302", "gdal301", "gdal300", "gdal204", "gdal203", "gdal202"). Is GDAL installed? If it is, try setting GDAL_LIBRARY_PATH in your settings.. GIS features will be disabled.
Using MOCK flood data for 25.3176,82.9739
GDAL/GIS libraries not available: Could not find the GDAL library (tried "gdal306", "gdal305", "gdal304", "gdal303", "gdal302", "gdal301", "gdal300", "gdal204", "gdal203", "gdal202"). Is GDAL installed? If it is, try setting GDAL_LIBRARY_PATH in your settings.. GIS features will be disabled.
Using MOCK flood data for 25.3176,82.9739
Watching for file changes with StatReloader
GDAL/GIS libraries not available: Could not find the GDAL library (tried "gdal306", "gdal305", "gdal304", "gdal303", "gdal302", "gdal301", "gdal300", "gdal204", "gdal203", "gdal202"). Is GDAL installed? If it is, try setting GDAL_LIBRARY_PATH in your settings.. GIS features will be disabled.
Using MOCK flood data for 25.3176,82.9739
GDAL/GIS libraries not available: Could not find the GDAL library (tried "gdal306", "gdal305", "gdal304", "gdal303", "gdal302", "gdal301", "gdal300", "gdal204", "gdal203", "gdal202"). Is GDAL installed? If it is, try setting GDAL_LIBRARY_PATH in your settings.. GIS features will be disabled.
Using MOCK flood data for 25.3176,82.9739
Watching for file changes with StatReloader
GDAL/GIS libraries not available: Could not find the GDAL library (tried "gdal306", "gdal305", "gdal304", "gdal303", "gdal302", "gdal301", "gdal300", "gdal204", "gdal203", "gdal202"). Is GDAL installed? If it is, try setting GDAL_LIBRARY_PATH in your settings.. GIS features will be disabled.
Using MOCK flood data for 25.3176,82.9739
GDAL/GIS libraries not available: Could not find the GDAL library (tried "gdal306", "gdal305", "gdal304", "gdal303", "gdal302", "gdal301", "gdal300", "gdal204", "gdal203", "gdal202"). Is GDAL installed? If it is, try setting GDAL_LIBRARY_PATH in your settings.. GIS features will be disabled.
Using MOCK flood data for 25.3176,82.9739
Watching for file changes with StatReloader
GDAL/GIS libraries not available: Could not find the GDAL library (tried "gdal306", "gdal305", "gdal304", "gdal303", "gdal302", "gdal301", "gdal300", "gdal204", "gdal203", "gdal202"). Is GDAL installed? If it is, try setting GDAL_LIBRARY_PATH in your settings.. GIS features will be disabled.
Using MOCK flood data for 25.3176,82.9739
GDAL/GIS libraries not available: Could not find the GDAL library (tried "gdal306", "gdal305", "gdal304", "gdal303", "gdal302", "gdal301", "gdal300", "gdal204", "gdal203", "gdal202"). Is GDAL installed? If it is, try setting GDAL_LIBRARY_PATH in your settings.. GIS features will be disabled.
Using MOCK flood data for 25.3176,82.9739
Watching for file changes with StatReloader
GDAL/GIS libraries not available: Could not find the GDAL library (tried "gdal306", "gdal305", "gdal304", "gdal303", "gdal302", "gdal301", "gdal300", "gdal204", "gdal203", "gdal202"). Is GDAL installed? If it is, try setting GDAL_LIBRARY_PATH in your settings.. GIS features will be disabled.
Using MOCK flood data for 25.3176,82.9739
GDAL/GIS libraries not available: Could not find the GDAL library (tried "gdal306", "gdal305", "gdal304", "gdal303", "gdal302", "gdal301", "gdal300", "gdal204", "gdal203", "gdal202"). Is GDAL installed? If it is, try setting GDAL_LIBRARY_PATH in your settings.. GIS features will be disabled.
Using MOCK flood data for 25.3176,82.9739
Watching for file changes with StatReloader
C:\app_fron\ganga river\ganga river\backend\views.py changed, reloading.
C:\app_fron\ganga river\ganga river\backend\views.py changed, reloading.
C:\app_fron\ganga river\ganga river\backend\views.py changed, reloading.
C:\app_fron\ganga river\ganga river\backend\views.py changed, reloading.
GDAL/GIS libraries not available: Could not find the GDAL library (tried "gdal306", "gdal305", "gdal304", "gdal303", "gdal302", "gdal301", "gdal300", "gdal204", "gdal203", "gdal202"). Is GDAL installed? If it is, try setting GDAL_LIBRARY_PATH in your settings.. GIS features will be disabled.
Using MOCK flood data for 25.3176,82.9739
GDAL/GIS libraries not available: Could not find the GDAL library (tried "gdal306", "gdal305", "gdal304", "gdal303", "gdal302", "gdal301", "gdal300", "gdal204", "gdal203", "gdal202"). Is GDAL installed? If it is, try setting GDAL_LIBRARY_PATH in your settings.. GIS features will be disabled.
Using MOCK flood data for 25.3176,82.9739
C:\app_fron\ganga river\ganga river\backend\urls.py changed, reloading.
GDAL/GIS libraries not available: Could not find the GDAL library (tried "gdal306", "gdal305", "gdal304", "gdal303", "gdal302", "gdal301", "gdal300", "gdal204", "gdal203", "gdal202"). Is GDAL installed? If it is, try setting GDAL_LIBRARY_PATH in your settings.. GIS features will be disabled.
Using MOCK flood data for 25.3176,82.9739
GDAL/GIS libraries not available: Could not find the GDAL library (tried "gdal306", "gdal305", "gdal304", "gdal303", "gdal302", "gdal301", "gdal300", "gdal204", "gdal203", "gdal202"). Is GDAL installed? If it is, try setting GDAL_LIBRARY_PATH in your settings.. GIS features will be disabled.
Using MOCK flood data for 25.3176,82.9739
Watching for file changes with StatReloader
Watching for file changes with StatReloader
Watching for file changes with StatReloader
Watching for file changes with StatReloader
GDAL/GIS libraries not available: Could not find the GDAL library (tried "gdal306", "gdal305", "gdal304", "gdal303", "gdal302", "gdal301", "gdal300", "gdal204", "gdal203", "gdal202"). Is GDAL installed? If it is, try setting GDAL_LIBRARY_PATH in your settings.. GIS features will be disabled.
Using MOCK flood data for 25.3176,82.9739
Watching for file changes with StatReloader
GDAL/GIS libraries not available: Could not find the GDAL library (tried "gdal306", "gdal305", "gdal304", "gdal303", "gdal302", "gdal301", "gdal300", "gdal204", "gdal203", "gdal202"). Is GDAL installed? If it is, try setting GDAL_LIBRARY_PATH in your settings.. GIS features will be disabled.
Using MOCK flood data for 25.3176,82.9739
GDAL/GIS libraries not available: Could not find the GDAL library (tried "gdal306", "gdal305", "gdal304", "gdal303", "gdal302", "gdal301", "gdal300", "gdal204", "gdal203", "gdal202"). Is GDAL installed? If it is, try setting GDAL_LIBRARY_PATH in your settings.. GIS features will be disabled.
Using MOCK flood data for 25.3176,82.9739
Watching for file changes with StatReloader
GDAL/GIS libraries not available: Could not find the GDAL library (tried "gdal306", "gdal305", "gdal304", "gdal303", "gdal302", "gdal301", "gdal300", "gdal204", "gdal203", "gdal202"). Is GDAL installed? If it is, try setting GDAL_LIBRARY_PATH in your settings.. GIS features will be disabled.
Using MOCK flood data for 25.3176,82.9739
GDAL/GIS libraries not available: Could not find the GDAL library (tried "gdal306", "gdal305", "gdal304", "gdal303", "gdal302", "gdal301", "gdal300", "gdal204", "gdal203", "gdal202"). Is GDAL installed? If it is, try setting GDAL_LIBRARY_PATH in your settings.. GIS features will be disabled.
Using MOCK flood data for 25.3176,82.9739
C:\app_fron\ganga river\ganga river\backend\apps.py changed, reloading.
C:\app_fron\ganga river\ganga river\backend\apps.py changed, reloading.
C:\app_fron\ganga river\ganga river\backend\apps.py changed, reloading.
C:\app_fron\ganga river\ganga river\backend\apps.py changed, reloading.
C:\app_fron\ganga river\ganga river\backend\apps.py changed, reloading.
C:\app_fron\ganga river\ganga river\backend\apps.py changed, reloading.
Watching for file changes with StatReloader
Watching for file changes with StatReloader
Watching for file changes with StatReloader
Watching for file changes with StatReloader
Watching for file changes with StatReloader
Watching for file changes with StatReloader
C:\app_fron\ganga river\ganga river\backend\apps.py changed, reloading.
C:\app_fron\ganga river\ganga river\backend\apps.py changed, reloading.
C:\app_fron\ganga river\ganga river\backend\apps.py changed, reloading.
C:\app_fron\ganga river\ganga river\backend\apps.py changed, reloading.
C:\app_fron\ganga river\ganga river\backend\apps.py changed, reloading.
C:\app_fron\ganga river\ganga river\backend\apps.py changed, reloading.
Watching for file changes with StatReloader
Watching for file changes with StatReloader
Watching for file changes with StatReloader
Watching for file changes with StatReloader
Watching for file changes with StatReloader
Watching for file changes with StatReloader
Watching for file changes with StatReloader
C:\app_fron\ganga river\ganga river\backend\apps.py changed, reloading.
C:\app_fron\ganga river\ganga river\backend\apps.py changed, reloading.
C:\app_fron\ganga river\ganga river\backend\apps.py changed, reloading.
C:\app_fron\ganga river\ganga river\backend\apps.py changed, reloading.
C:\app_fron\ganga river\ganga river\backend\apps.py changed, reloading.
C:\app_fron\ganga river\ganga river\backend\apps.py changed, reloading.
C:\app_fron\ganga river\ganga river\backend\apps.py changed, reloading.
Watching for file changes with StatReloader
Watching for file changes with StatReloader
Watching for file changes with StatReloader
Watching for file changes with StatReloader
Watching for file changes with StatReloader
Watching for file changes with StatReloader
Watching for file changes with StatReloader
Watching for file changes with StatReloader
Watching for file changes with StatReloader
C:\app_fron\ganga river\ganga river\backend\apps.py changed, reloading.
Initializing Flood Alert System...
Celery not installed, background tasks disabled
GDAL/GIS libraries not available: Could not find the GDAL library (tried "gdal306", "gdal305", "gdal304", "gdal303", "gdal302", "gdal301", "gdal300", "gdal204", "gdal203", "gdal202"). Is GDAL installed? If it is, try setting GDAL_LIBRARY_PATH in your settings.. GIS features will be disabled.
Using MOCK flood data for 25.3176,82.9739
Flood API service is working
GDACS fallback unavailable
Flood Alert System initialized successfully
Watching for file changes with StatReloader
Initializing Flood Alert System...
Celery not installed, background tasks disabled
GDAL/GIS libraries not available: Could not find the GDAL library (tried "gdal306", "gdal305", "gdal304", "gdal303", "gdal302", "gdal301", "gdal300", "gdal204", "gdal203", "gdal202"). Is GDAL installed? If it is, try setting GDAL_LIBRARY_PATH in your settings.. GIS features will be disabled.
Using MOCK flood data for 25.3176,82.9739
Flood API service is working
GDACS fallback unavailable
Flood Alert System initialized successfully
Initializing Flood Alert System...
Celery not installed, background tasks disabled
GDAL/GIS libraries not available: Could not find the GDAL library (tried "gdal306", "gdal305", "gdal304", "gdal303", "gdal302", "gdal301", "gdal300", "gdal204", "gdal203", "gdal202"). Is GDAL installed? If it is, try setting GDAL_LIBRARY_PATH in your settings.. GIS features will be disabled.
Using MOCK flood data for 25.3176,82.9739
Flood API service is working
GDACS fallback unavailable
Flood Alert System initialized successfully
Watching for file changes with StatReloader
Initializing Flood Alert System...
Celery not installed, background tasks disabled
GDAL/GIS libraries not available: Could not find the GDAL library (tried "gdal306", "gdal305", "gdal304", "gdal303", "gdal302", "gdal301", "gdal300", "gdal204", "gdal203", "gdal202"). Is GDAL installed? If it is, try setting GDAL_LIBRARY_PATH in your settings.. GIS features will be disabled.
Using MOCK flood data for 25.3176,82.9739
Flood API service is working
GDACS fallback unavailable
Flood Alert System initialized successfully
Initializing Flood Alert System...
Celery not installed, background tasks disabled
GDAL/GIS libraries not available: Could not find the GDAL library (tried "gdal306", "gdal305", "gdal304", "gdal303", "gdal302", "gdal301", "gdal300", "gdal204", "gdal203", "gdal202"). Is GDAL installed? If it is, try setting GDAL_LIBRARY_PATH in your settings.. GIS features will be disabled.
Using MOCK flood data for 25.3176,82.9739
Flood API service is working
GDACS fallback unavailable
Flood Alert System initialized successfully
Watching for file changes with StatReloader
Initializing Flood Alert System...
Celery not installed, background tasks disabled
GDAL/GIS libraries not available: Could not find the GDAL library (tried "gdal306", "gdal305", "gdal304", "gdal303", "gdal302", "gdal301", "gdal300", "gdal204", "gdal203", "gdal202"). Is GDAL installed? If it is, try setting GDAL_LIBRARY_PATH in your settings.. GIS features will be disabled.
Using MOCK flood data for 25.3176,82.9739
Flood API service is working
GDACS fallback unavailable
Flood Alert System initialized successfully
Initializing Flood Alert System...
Celery not installed, background tasks disabled
GDAL/GIS libraries not available: Could not find the GDAL library (tried "gdal306", "gdal305", "gdal304", "gdal303", "gdal302", "gdal301", "gdal300", "gdal204", "gdal203", "gdal202"). Is GDAL installed? If it is, try setting GDAL_LIBRARY_PATH in your settings.. GIS features will be disabled.
Using MOCK flood data for 25.3176,82.9739
Flood API service is working
GDACS fallback unavailable
Flood Alert System initialized successfully
Watching for file changes with StatReloader
